// Jest Snapshot v1, https://goo.gl/fbAQLP

exports[`Post component renders a Post 1`] = `
<Link
  to="/post/id=undefined"
>
  <h3>
    myPost
  </h3>
</Link>
`;
