// Jest Snapshot v1, https://goo.gl/fbAQLP

exports[`Comment component renders a Comment 1`] = `
<Fragment>
  <h3>
    title of my comment
  </h3>
  <p>
    this is my comment
  </p>
</Fragment>
`;
